('ADDED', 'HKLM\\Software\\Microsoft\\Windows\\CurrentVersion\\RunOnce', 'Delete Cached Update Binary', None, 'C:\\Windows\\system32\\cmd.exe /q /c del /q "C:\\Program Files\\Microsoft OneDrive\\Update\\OneDriveSetup.exe"')
('ADDED', 'HKLM\\Software\\Microsoft\\Windows\\CurrentVersion\\RunOnce', 'Delete Cached Standalone Update Binary', None, 'C:\\Windows\\system32\\cmd.exe /q /c del /q "C:\\Program Files\\Microsoft OneDrive\\StandaloneUpdater\\OneDriveSetup.exe"')
('ADDED', 'HKLM\\Software\\Microsoft\\Windows\\CurrentVersion\\RunOnce', 'Delete Cached Update Binary', None, 'C:\\Windows\\system32\\cmd.exe /q /c del /q "C:\\Program Files\\Microsoft OneDrive\\Update\\OneDriveSetup.exe"')
('ADDED', 'HKLM\\Software\\Microsoft\\Windows\\CurrentVersion\\RunOnce', 'Delete Cached Standalone Update Binary', None, 'C:\\Windows\\system32\\cmd.exe /q /c del /q "C:\\Program Files\\Microsoft OneDrive\\StandaloneUpdater\\OneDriveSetup.exe"')
('ADDED', 'HKLM\\Software\\Microsoft\\Windows\\CurrentVersion\\RunOnce', 'Delete Cached Update Binary', None, 'C:\\Windows\\system32\\cmd.exe /q /c del /q "C:\\Program Files\\Microsoft OneDrive\\Update\\OneDriveSetup.exe"')
('ADDED', 'HKLM\\Software\\Microsoft\\Windows\\CurrentVersion\\RunOnce', 'Delete Cached Standalone Update Binary', None, 'C:\\Windows\\system32\\cmd.exe /q /c del /q "C:\\Program Files\\Microsoft OneDrive\\StandaloneUpdater\\OneDriveSetup.exe"')
('ADDED', 'HKLM\\Software\\Microsoft\\Windows\\CurrentVersion\\RunOnce', 'Delete Cached Update Binary', None, 'C:\\Windows\\system32\\cmd.exe /q /c del /q "C:\\Program Files\\Microsoft OneDrive\\Update\\OneDriveSetup.exe"')
('ADDED', 'HKLM\\Software\\Microsoft\\Windows\\CurrentVersion\\RunOnce', 'Delete Cached Standalone Update Binary', None, 'C:\\Windows\\system32\\cmd.exe /q /c del /q "C:\\Program Files\\Microsoft OneDrive\\StandaloneUpdater\\OneDriveSetup.exe"')
('ADDED', 'HKLM\\Software\\Microsoft\\Windows\\CurrentVersion\\RunOnce', 'Delete Cached Update Binary', None, 'C:\\Windows\\system32\\cmd.exe /q /c del /q "C:\\Program Files\\Microsoft OneDrive\\Update\\OneDriveSetup.exe"')
('ADDED', 'HKLM\\Software\\Microsoft\\Windows\\CurrentVersion\\RunOnce', 'Delete Cached Standalone Update Binary', None, 'C:\\Windows\\system32\\cmd.exe /q /c del /q "C:\\Program Files\\Microsoft OneDrive\\StandaloneUpdater\\OneDriveSetup.exe"')
('ADDED', 'HKLM\\Software\\Microsoft\\Windows\\CurrentVersion\\RunOnce', 'Delete Cached Update Binary', None, 'C:\\Windows\\system32\\cmd.exe /q /c del /q "C:\\Program Files\\Microsoft OneDrive\\Update\\OneDriveSetup.exe"')
('ADDED', 'HKLM\\Software\\Microsoft\\Windows\\CurrentVersion\\RunOnce', 'Delete Cached Standalone Update Binary', None, 'C:\\Windows\\system32\\cmd.exe /q /c del /q "C:\\Program Files\\Microsoft OneDrive\\StandaloneUpdater\\OneDriveSetup.exe"')
('ADDED', 'HKLM\\Software\\Microsoft\\Windows\\CurrentVersion\\RunOnce', 'Delete Cached Update Binary', None, 'C:\\Windows\\system32\\cmd.exe /q /c del /q "C:\\Program Files\\Microsoft OneDrive\\Update\\OneDriveSetup.exe"')
('ADDED', 'HKLM\\Software\\Microsoft\\Windows\\CurrentVersion\\RunOnce', 'Delete Cached Standalone Update Binary', None, 'C:\\Windows\\system32\\cmd.exe /q /c del /q "C:\\Program Files\\Microsoft OneDrive\\StandaloneUpdater\\OneDriveSetup.exe"')
('ADDED', 'HKLM\\Software\\Microsoft\\Windows\\CurrentVersion\\RunOnce', 'Delete Cached Update Binary', None, 'C:\\Windows\\system32\\cmd.exe /q /c del /q "C:\\Program Files\\Microsoft OneDrive\\Update\\OneDriveSetup.exe"')
('ADDED', 'HKLM\\Software\\Microsoft\\Windows\\CurrentVersion\\RunOnce', 'Delete Cached Standalone Update Binary', None, 'C:\\Windows\\system32\\cmd.exe /q /c del /q "C:\\Program Files\\Microsoft OneDrive\\StandaloneUpdater\\OneDriveSetup.exe"')
('ADDED', 'HKLM\\Software\\Microsoft\\Windows\\CurrentVersion\\RunOnce', 'Delete Cached Update Binary', None, 'C:\\Windows\\system32\\cmd.exe /q /c del /q "C:\\Program Files\\Microsoft OneDrive\\Update\\OneDriveSetup.exe"')
('ADDED', 'HKLM\\Software\\Microsoft\\Windows\\CurrentVersion\\RunOnce', 'Delete Cached Standalone Update Binary', None, 'C:\\Windows\\system32\\cmd.exe /q /c del /q "C:\\Program Files\\Microsoft OneDrive\\StandaloneUpdater\\OneDriveSetup.exe"')
('ADDED', 'HKLM\\Software\\Microsoft\\Windows\\CurrentVersion\\RunOnce', 'Delete Cached Update Binary', None, 'C:\\Windows\\system32\\cmd.exe /q /c del /q "C:\\Program Files\\Microsoft OneDrive\\Update\\OneDriveSetup.exe"')
('ADDED', 'HKLM\\Software\\Microsoft\\Windows\\CurrentVersion\\RunOnce', 'Delete Cached Standalone Update Binary', None, 'C:\\Windows\\system32\\cmd.exe /q /c del /q "C:\\Program Files\\Microsoft OneDrive\\StandaloneUpdater\\OneDriveSetup.exe"')
('ADDED', 'HKLM\\Software\\Microsoft\\Windows\\CurrentVersion\\RunOnce', 'Delete Cached Update Binary', None, 'C:\\Windows\\system32\\cmd.exe /q /c del /q "C:\\Program Files\\Microsoft OneDrive\\Update\\OneDriveSetup.exe"')
('ADDED', 'HKLM\\Software\\Microsoft\\Windows\\CurrentVersion\\RunOnce', 'Delete Cached Standalone Update Binary', None, 'C:\\Windows\\system32\\cmd.exe /q /c del /q "C:\\Program Files\\Microsoft OneDrive\\StandaloneUpdater\\OneDriveSetup.exe"')
('ADDED', 'HKLM\\Software\\Microsoft\\Windows\\CurrentVersion\\RunOnce', 'Delete Cached Update Binary', None, 'C:\\Windows\\system32\\cmd.exe /q /c del /q "C:\\Program Files\\Microsoft OneDrive\\Update\\OneDriveSetup.exe"')
('ADDED', 'HKLM\\Software\\Microsoft\\Windows\\CurrentVersion\\RunOnce', 'Delete Cached Standalone Update Binary', None, 'C:\\Windows\\system32\\cmd.exe /q /c del /q "C:\\Program Files\\Microsoft OneDrive\\StandaloneUpdater\\OneDriveSetup.exe"')
('ADDED', 'HKLM\\Software\\Microsoft\\Windows\\CurrentVersion\\RunOnce', 'Delete Cached Update Binary', None, 'C:\\Windows\\system32\\cmd.exe /q /c del /q "C:\\Program Files\\Microsoft OneDrive\\Update\\OneDriveSetup.exe"')
('ADDED', 'HKLM\\Software\\Microsoft\\Windows\\CurrentVersion\\RunOnce', 'Delete Cached Standalone Update Binary', None, 'C:\\Windows\\system32\\cmd.exe /q /c del /q "C:\\Program Files\\Microsoft OneDrive\\StandaloneUpdater\\OneDriveSetup.exe"')
('ADDED', 'HKLM\\Software\\Microsoft\\Windows\\CurrentVersion\\RunOnce', 'Delete Cached Update Binary', None, 'C:\\Windows\\system32\\cmd.exe /q /c del /q "C:\\Program Files\\Microsoft OneDrive\\Update\\OneDriveSetup.exe"')
('ADDED', 'HKLM\\Software\\Microsoft\\Windows\\CurrentVersion\\RunOnce', 'Delete Cached Standalone Update Binary', None, 'C:\\Windows\\system32\\cmd.exe /q /c del /q "C:\\Program Files\\Microsoft OneDrive\\StandaloneUpdater\\OneDriveSetup.exe"')
('ADDED', 'HKLM\\Software\\Microsoft\\Windows\\CurrentVersion\\RunOnce', 'Delete Cached Update Binary', None, 'C:\\Windows\\system32\\cmd.exe /q /c del /q "C:\\Program Files\\Microsoft OneDrive\\Update\\OneDriveSetup.exe"')
('ADDED', 'HKLM\\Software\\Microsoft\\Windows\\CurrentVersion\\RunOnce', 'Delete Cached Standalone Update Binary', None, 'C:\\Windows\\system32\\cmd.exe /q /c del /q "C:\\Program Files\\Microsoft OneDrive\\StandaloneUpdater\\OneDriveSetup.exe"')
('ADDED', 'HKLM\\Software\\Microsoft\\Windows\\CurrentVersion\\RunOnce', 'Delete Cached Update Binary', None, 'C:\\Windows\\system32\\cmd.exe /q /c del /q "C:\\Program Files\\Microsoft OneDrive\\Update\\OneDriveSetup.exe"')
('ADDED', 'HKLM\\Software\\Microsoft\\Windows\\CurrentVersion\\RunOnce', 'Delete Cached Standalone Update Binary', None, 'C:\\Windows\\system32\\cmd.exe /q /c del /q "C:\\Program Files\\Microsoft OneDrive\\StandaloneUpdater\\OneDriveSetup.exe"')
('ADDED', 'HKLM\\Software\\Microsoft\\Windows\\CurrentVersion\\RunOnce', 'Delete Cached Update Binary', None, 'C:\\Windows\\system32\\cmd.exe /q /c del /q "C:\\Program Files\\Microsoft OneDrive\\Update\\OneDriveSetup.exe"')
('ADDED', 'HKLM\\Software\\Microsoft\\Windows\\CurrentVersion\\RunOnce', 'Delete Cached Standalone Update Binary', None, 'C:\\Windows\\system32\\cmd.exe /q /c del /q "C:\\Program Files\\Microsoft OneDrive\\StandaloneUpdater\\OneDriveSetup.exe"')
('ADDED', 'HKLM\\Software\\Microsoft\\Windows\\CurrentVersion\\RunOnce', 'Delete Cached Update Binary', None, 'C:\\Windows\\system32\\cmd.exe /q /c del /q "C:\\Program Files\\Microsoft OneDrive\\Update\\OneDriveSetup.exe"')
('ADDED', 'HKLM\\Software\\Microsoft\\Windows\\CurrentVersion\\RunOnce', 'Delete Cached Standalone Update Binary', None, 'C:\\Windows\\system32\\cmd.exe /q /c del /q "C:\\Program Files\\Microsoft OneDrive\\StandaloneUpdater\\OneDriveSetup.exe"')
('ADDED', 'HKLM\\Software\\Microsoft\\Windows\\CurrentVersion\\RunOnce', 'Delete Cached Update Binary', None, 'C:\\Windows\\system32\\cmd.exe /q /c del /q "C:\\Program Files\\Microsoft OneDrive\\Update\\OneDriveSetup.exe"')
('ADDED', 'HKLM\\Software\\Microsoft\\Windows\\CurrentVersion\\RunOnce', 'Delete Cached Standalone Update Binary', None, 'C:\\Windows\\system32\\cmd.exe /q /c del /q "C:\\Program Files\\Microsoft OneDrive\\StandaloneUpdater\\OneDriveSetup.exe"')
('ADDED', 'HKLM\\Software\\Microsoft\\Windows\\CurrentVersion\\RunOnce', 'Delete Cached Update Binary', None, 'C:\\Windows\\system32\\cmd.exe /q /c del /q "C:\\Program Files\\Microsoft OneDrive\\Update\\OneDriveSetup.exe"')
('ADDED', 'HKLM\\Software\\Microsoft\\Windows\\CurrentVersion\\RunOnce', 'Delete Cached Standalone Update Binary', None, 'C:\\Windows\\system32\\cmd.exe /q /c del /q "C:\\Program Files\\Microsoft OneDrive\\StandaloneUpdater\\OneDriveSetup.exe"')
('ADDED', 'HKLM\\Software\\Microsoft\\Windows\\CurrentVersion\\RunOnce', 'Delete Cached Update Binary', None, 'C:\\Windows\\system32\\cmd.exe /q /c del /q "C:\\Program Files\\Microsoft OneDrive\\Update\\OneDriveSetup.exe"')
('ADDED', 'HKLM\\Software\\Microsoft\\Windows\\CurrentVersion\\RunOnce', 'Delete Cached Standalone Update Binary', None, 'C:\\Windows\\system32\\cmd.exe /q /c del /q "C:\\Program Files\\Microsoft OneDrive\\StandaloneUpdater\\OneDriveSetup.exe"')
('ADDED', 'HKLM\\Software\\Microsoft\\Windows\\CurrentVersion\\RunOnce', 'Delete Cached Update Binary', None, 'C:\\Windows\\system32\\cmd.exe /q /c del /q "C:\\Program Files\\Microsoft OneDrive\\Update\\OneDriveSetup.exe"')
('ADDED', 'HKLM\\Software\\Microsoft\\Windows\\CurrentVersion\\RunOnce', 'Delete Cached Standalone Update Binary', None, 'C:\\Windows\\system32\\cmd.exe /q /c del /q "C:\\Program Files\\Microsoft OneDrive\\StandaloneUpdater\\OneDriveSetup.exe"')
('ADDED', 'HKLM\\Software\\Microsoft\\Windows\\CurrentVersion\\RunOnce', 'Delete Cached Update Binary', None, 'C:\\Windows\\system32\\cmd.exe /q /c del /q "C:\\Program Files\\Microsoft OneDrive\\Update\\OneDriveSetup.exe"')
('ADDED', 'HKLM\\Software\\Microsoft\\Windows\\CurrentVersion\\RunOnce', 'Delete Cached Standalone Update Binary', None, 'C:\\Windows\\system32\\cmd.exe /q /c del /q "C:\\Program Files\\Microsoft OneDrive\\StandaloneUpdater\\OneDriveSetup.exe"')
('ADDED', 'HKLM\\Software\\Microsoft\\Windows\\CurrentVersion\\RunOnce', 'Delete Cached Update Binary', None, 'C:\\Windows\\system32\\cmd.exe /q /c del /q "C:\\Program Files\\Microsoft OneDrive\\Update\\OneDriveSetup.exe"')
('ADDED', 'HKLM\\Software\\Microsoft\\Windows\\CurrentVersion\\RunOnce', 'Delete Cached Standalone Update Binary', None, 'C:\\Windows\\system32\\cmd.exe /q /c del /q "C:\\Program Files\\Microsoft OneDrive\\StandaloneUpdater\\OneDriveSetup.exe"')
('ADDED', 'HKLM\\Software\\Microsoft\\Windows\\CurrentVersion\\RunOnce', 'Delete Cached Update Binary', None, 'C:\\Windows\\system32\\cmd.exe /q /c del /q "C:\\Program Files\\Microsoft OneDrive\\Update\\OneDriveSetup.exe"')
('ADDED', 'HKLM\\Software\\Microsoft\\Windows\\CurrentVersion\\RunOnce', 'Delete Cached Standalone Update Binary', None, 'C:\\Windows\\system32\\cmd.exe /q /c del /q "C:\\Program Files\\Microsoft OneDrive\\StandaloneUpdater\\OneDriveSetup.exe"')
('ADDED', 'HKLM\\Software\\Microsoft\\Windows\\CurrentVersion\\RunOnce', 'Delete Cached Update Binary', None, 'C:\\Windows\\system32\\cmd.exe /q /c del /q "C:\\Program Files\\Microsoft OneDrive\\Update\\OneDriveSetup.exe"')
('ADDED', 'HKLM\\Software\\Microsoft\\Windows\\CurrentVersion\\RunOnce', 'Delete Cached Standalone Update Binary', None, 'C:\\Windows\\system32\\cmd.exe /q /c del /q "C:\\Program Files\\Microsoft OneDrive\\StandaloneUpdater\\OneDriveSetup.exe"')
('ADDED', 'HKLM\\Software\\Microsoft\\Windows\\CurrentVersion\\RunOnce', 'Delete Cached Update Binary', None, 'C:\\Windows\\system32\\cmd.exe /q /c del /q "C:\\Program Files\\Microsoft OneDrive\\Update\\OneDriveSetup.exe"')
('ADDED', 'HKLM\\Software\\Microsoft\\Windows\\CurrentVersion\\RunOnce', 'Delete Cached Standalone Update Binary', None, 'C:\\Windows\\system32\\cmd.exe /q /c del /q "C:\\Program Files\\Microsoft OneDrive\\StandaloneUpdater\\OneDriveSetup.exe"')
('ADDED', 'HKLM\\Software\\Microsoft\\Windows\\CurrentVersion\\RunOnce', 'Delete Cached Update Binary', None, 'C:\\Windows\\system32\\cmd.exe /q /c del /q "C:\\Program Files\\Microsoft OneDrive\\Update\\OneDriveSetup.exe"')
('ADDED', 'HKLM\\Software\\Microsoft\\Windows\\CurrentVersion\\RunOnce', 'Delete Cached Standalone Update Binary', None, 'C:\\Windows\\system32\\cmd.exe /q /c del /q "C:\\Program Files\\Microsoft OneDrive\\StandaloneUpdater\\OneDriveSetup.exe"')
('ADDED', 'HKLM\\Software\\Microsoft\\Windows\\CurrentVersion\\RunOnce', 'Delete Cached Update Binary', None, 'C:\\Windows\\system32\\cmd.exe /q /c del /q "C:\\Program Files\\Microsoft OneDrive\\Update\\OneDriveSetup.exe"')
('ADDED', 'HKLM\\Software\\Microsoft\\Windows\\CurrentVersion\\RunOnce', 'Delete Cached Standalone Update Binary', None, 'C:\\Windows\\system32\\cmd.exe /q /c del /q "C:\\Program Files\\Microsoft OneDrive\\StandaloneUpdater\\OneDriveSetup.exe"')
('ADDED', 'HKLM\\Software\\Microsoft\\Windows\\CurrentVersion\\RunOnce', 'Delete Cached Update Binary', None, 'C:\\Windows\\system32\\cmd.exe /q /c del /q "C:\\Program Files\\Microsoft OneDrive\\Update\\OneDriveSetup.exe"')
('ADDED', 'HKLM\\Software\\Microsoft\\Windows\\CurrentVersion\\RunOnce', 'Delete Cached Standalone Update Binary', None, 'C:\\Windows\\system32\\cmd.exe /q /c del /q "C:\\Program Files\\Microsoft OneDrive\\StandaloneUpdater\\OneDriveSetup.exe"')
('ADDED', 'HKLM\\Software\\Microsoft\\Windows\\CurrentVersion\\RunOnce', 'Delete Cached Update Binary', None, 'C:\\Windows\\system32\\cmd.exe /q /c del /q "C:\\Program Files\\Microsoft OneDrive\\Update\\OneDriveSetup.exe"')
('ADDED', 'HKLM\\Software\\Microsoft\\Windows\\CurrentVersion\\RunOnce', 'Delete Cached Standalone Update Binary', None, 'C:\\Windows\\system32\\cmd.exe /q /c del /q "C:\\Program Files\\Microsoft OneDrive\\StandaloneUpdater\\OneDriveSetup.exe"')
('ADDED', 'HKLM\\Software\\Microsoft\\Windows\\CurrentVersion\\RunOnce', 'Delete Cached Update Binary', None, 'C:\\Windows\\system32\\cmd.exe /q /c del /q "C:\\Program Files\\Microsoft OneDrive\\Update\\OneDriveSetup.exe"')
('ADDED', 'HKLM\\Software\\Microsoft\\Windows\\CurrentVersion\\RunOnce', 'Delete Cached Standalone Update Binary', None, 'C:\\Windows\\system32\\cmd.exe /q /c del /q "C:\\Program Files\\Microsoft OneDrive\\StandaloneUpdater\\OneDriveSetup.exe"')
('ADDED', 'HKLM\\Software\\Microsoft\\Windows\\CurrentVersion\\RunOnce', 'Delete Cached Update Binary', None, 'C:\\Windows\\system32\\cmd.exe /q /c del /q "C:\\Program Files\\Microsoft OneDrive\\Update\\OneDriveSetup.exe"')
('ADDED', 'HKLM\\Software\\Microsoft\\Windows\\CurrentVersion\\RunOnce', 'Delete Cached Standalone Update Binary', None, 'C:\\Windows\\system32\\cmd.exe /q /c del /q "C:\\Program Files\\Microsoft OneDrive\\StandaloneUpdater\\OneDriveSetup.exe"')
('ADDED', 'HKLM\\Software\\Microsoft\\Windows\\CurrentVersion\\RunOnce', 'Delete Cached Update Binary', None, 'C:\\Windows\\system32\\cmd.exe /q /c del /q "C:\\Program Files\\Microsoft OneDrive\\Update\\OneDriveSetup.exe"')
('ADDED', 'HKLM\\Software\\Microsoft\\Windows\\CurrentVersion\\RunOnce', 'Delete Cached Standalone Update Binary', None, 'C:\\Windows\\system32\\cmd.exe /q /c del /q "C:\\Program Files\\Microsoft OneDrive\\StandaloneUpdater\\OneDriveSetup.exe"')
('ADDED', 'HKLM\\Software\\Microsoft\\Windows\\CurrentVersion\\RunOnce', 'Delete Cached Update Binary', None, 'C:\\Windows\\system32\\cmd.exe /q /c del /q "C:\\Program Files\\Microsoft OneDrive\\Update\\OneDriveSetup.exe"')
('ADDED', 'HKLM\\Software\\Microsoft\\Windows\\CurrentVersion\\RunOnce', 'Delete Cached Standalone Update Binary', None, 'C:\\Windows\\system32\\cmd.exe /q /c del /q "C:\\Program Files\\Microsoft OneDrive\\StandaloneUpdater\\OneDriveSetup.exe"')
('ADDED', 'HKLM\\Software\\Microsoft\\Windows\\CurrentVersion\\RunOnce', 'Delete Cached Update Binary', None, 'C:\\Windows\\system32\\cmd.exe /q /c del /q "C:\\Program Files\\Microsoft OneDrive\\Update\\OneDriveSetup.exe"')
('ADDED', 'HKLM\\Software\\Microsoft\\Windows\\CurrentVersion\\RunOnce', 'Delete Cached Standalone Update Binary', None, 'C:\\Windows\\system32\\cmd.exe /q /c del /q "C:\\Program Files\\Microsoft OneDrive\\StandaloneUpdater\\OneDriveSetup.exe"')
('ADDED', 'HKLM\\Software\\Microsoft\\Windows\\CurrentVersion\\RunOnce', 'Delete Cached Update Binary', None, 'C:\\Windows\\system32\\cmd.exe /q /c del /q "C:\\Program Files\\Microsoft OneDrive\\Update\\OneDriveSetup.exe"')
('ADDED', 'HKLM\\Software\\Microsoft\\Windows\\CurrentVersion\\RunOnce', 'Delete Cached Standalone Update Binary', None, 'C:\\Windows\\system32\\cmd.exe /q /c del /q "C:\\Program Files\\Microsoft OneDrive\\StandaloneUpdater\\OneDriveSetup.exe"')
('ADDED', 'HKLM\\Software\\Microsoft\\Windows\\CurrentVersion\\RunOnce', 'Delete Cached Update Binary', None, 'C:\\Windows\\system32\\cmd.exe /q /c del /q "C:\\Program Files\\Microsoft OneDrive\\Update\\OneDriveSetup.exe"')
('ADDED', 'HKLM\\Software\\Microsoft\\Windows\\CurrentVersion\\RunOnce', 'Delete Cached Standalone Update Binary', None, 'C:\\Windows\\system32\\cmd.exe /q /c del /q "C:\\Program Files\\Microsoft OneDrive\\StandaloneUpdater\\OneDriveSetup.exe"')
('ADDED', 'HKLM\\Software\\Microsoft\\Windows\\CurrentVersion\\RunOnce', 'Delete Cached Update Binary', None, 'C:\\Windows\\system32\\cmd.exe /q /c del /q "C:\\Program Files\\Microsoft OneDrive\\Update\\OneDriveSetup.exe"')
('ADDED', 'HKLM\\Software\\Microsoft\\Windows\\CurrentVersion\\RunOnce', 'Delete Cached Standalone Update Binary', None, 'C:\\Windows\\system32\\cmd.exe /q /c del /q "C:\\Program Files\\Microsoft OneDrive\\StandaloneUpdater\\OneDriveSetup.exe"')
('ADDED', 'HKLM\\Software\\Microsoft\\Windows\\CurrentVersion\\RunOnce', 'Delete Cached Update Binary', None, 'C:\\Windows\\system32\\cmd.exe /q /c del /q "C:\\Program Files\\Microsoft OneDrive\\Update\\OneDriveSetup.exe"')
('ADDED', 'HKLM\\Software\\Microsoft\\Windows\\CurrentVersion\\RunOnce', 'Delete Cached Standalone Update Binary', None, 'C:\\Windows\\system32\\cmd.exe /q /c del /q "C:\\Program Files\\Microsoft OneDrive\\StandaloneUpdater\\OneDriveSetup.exe"')
('ADDED', 'HKLM\\Software\\Microsoft\\Windows\\CurrentVersion\\RunOnce', 'Delete Cached Update Binary', None, 'C:\\Windows\\system32\\cmd.exe /q /c del /q "C:\\Program Files\\Microsoft OneDrive\\Update\\OneDriveSetup.exe"')
('ADDED', 'HKLM\\Software\\Microsoft\\Windows\\CurrentVersion\\RunOnce', 'Delete Cached Standalone Update Binary', None, 'C:\\Windows\\system32\\cmd.exe /q /c del /q "C:\\Program Files\\Microsoft OneDrive\\StandaloneUpdater\\OneDriveSetup.exe"')
('ADDED', 'HKLM\\Software\\Microsoft\\Windows\\CurrentVersion\\RunOnce', 'Delete Cached Update Binary', None, 'C:\\Windows\\system32\\cmd.exe /q /c del /q "C:\\Program Files\\Microsoft OneDrive\\Update\\OneDriveSetup.exe"')
('ADDED', 'HKLM\\Software\\Microsoft\\Windows\\CurrentVersion\\RunOnce', 'Delete Cached Standalone Update Binary', None, 'C:\\Windows\\system32\\cmd.exe /q /c del /q "C:\\Program Files\\Microsoft OneDrive\\StandaloneUpdater\\OneDriveSetup.exe"')
('ADDED', 'HKLM\\Software\\Microsoft\\Windows\\CurrentVersion\\RunOnce', 'Delete Cached Update Binary', None, 'C:\\Windows\\system32\\cmd.exe /q /c del /q "C:\\Program Files\\Microsoft OneDrive\\Update\\OneDriveSetup.exe"')
('ADDED', 'HKLM\\Software\\Microsoft\\Windows\\CurrentVersion\\RunOnce', 'Delete Cached Standalone Update Binary', None, 'C:\\Windows\\system32\\cmd.exe /q /c del /q "C:\\Program Files\\Microsoft OneDrive\\StandaloneUpdater\\OneDriveSetup.exe"')
('ADDED', 'HKCU\\Software\\Microsoft\\Windows\\CurrentVersion\\Run', 'malware_test', None, '')
('ADDED', 'HKCU\\Software\\Microsoft\\Windows\\CurrentVersion\\Run', 'malware_test', None, '')
('ADDED', 'HKCU\\Software\\Microsoft\\Windows\\CurrentVersion\\Run', 'malware_test', None, 'C:\\Users\\Public\\malware.exe')
('ADDED', 'HKCU\\Software\\Microsoft\\Windows\\CurrentVersion\\Run', 'malware_test', None, 'C:\\Users\\Public\\malware.exe')
('ADDED', 'HKCU\\Software\\Microsoft\\Windows\\CurrentVersion\\Run', 'malware_test', None, 'C:\\Users\\Public\\malware.exe')
('ADDED', 'HKCU\\Software\\Microsoft\\Windows\\CurrentVersion\\Run', 'malware_test', None, 'C:\\Users\\Public\\malware.exe')
('ADDED', 'HKCU\\Software\\Microsoft\\Windows\\CurrentVersion\\Run', 'malware_test', None, 'C:\\Users\\Public\\malware.exe')
('ADDED', 'HKCU\\Software\\Microsoft\\Windows\\CurrentVersion\\Run', 'malware_test', None, 'C:\\Users\\Public\\malware.exe')
('ADDED', 'HKCU\\Software\\Microsoft\\Windows\\CurrentVersion\\Run', 'malware_test', None, 'C:\\Users\\Public\\malware.exe')
('ADDED', 'HKCU\\Software\\Microsoft\\Windows\\CurrentVersion\\Run', 'malware_test', None, 'C:\\Users\\Public\\malware.exe')
('ADDED', 'HKCU\\Software\\Microsoft\\Windows\\CurrentVersion\\Run', 'malware_test', None, 'C:\\Users\\Public\\malware.exe')
('ADDED', 'HKCU\\Software\\Microsoft\\Windows\\CurrentVersion\\Run', 'malware_test', None, 'C:\\Users\\Public\\malware.exe')
('ADDED', 'HKCU\\Software\\Microsoft\\Windows\\CurrentVersion\\Run', 'malware_test', None, 'C:\\Users\\Public\\malware.exe')
('ADDED', 'HKCU\\Software\\Microsoft\\Windows\\CurrentVersion\\Run', 'malware_test', None, 'C:\\Users\\Public\\malware.exe')
('ADDED', 'HKCU\\Software\\Microsoft\\Windows\\CurrentVersion\\Run', 'malware_test', None, 'C:\\Users\\Public\\malware.exe')
('ADDED', 'HKCU\\Software\\Microsoft\\Windows\\CurrentVersion\\Run', 'malware_test', None, 'C:\\Users\\Public\\malware.exe')
('ADDED', 'HKCU\\Software\\Microsoft\\Windows\\CurrentVersion\\Run', 'malware_test', None, 'C:\\Users\\Public\\malware.exe')
('ADDED', 'HKCU\\Software\\Microsoft\\Windows\\CurrentVersion\\Run', 'malware_test', None, 'C:\\Users\\Public\\malware.exe')
('ADDED', 'HKCU\\Software\\Microsoft\\Windows\\CurrentVersion\\Run', 'malware_test', None, 'C:\\Users\\Public\\malware.exe')
('ADDED', 'HKCU\\Software\\Microsoft\\Windows\\CurrentVersion\\Run', 'malware_test', None, 'C:\\Users\\Public\\malware.exe')
('ADDED', 'HKCU\\Software\\Microsoft\\Windows\\CurrentVersion\\Run', 'malware_test', None, 'C:\\Users\\Public\\malware.exe')
('ADDED', 'HKCU\\Software\\Microsoft\\Windows\\CurrentVersion\\Run', 'malware_test', None, 'C:\\Users\\Public\\malware.exe')
('ADDED', 'HKCU\\Software\\Microsoft\\Windows\\CurrentVersion\\Run', 'malware_test', None, 'C:\\Users\\Public\\malware.exe')
('ADDED', 'HKCU\\Software\\Microsoft\\Windows\\CurrentVersion\\Run', 'malware_test', None, 'C:\\Users\\Public\\malware.exe')
('ADDED', 'HKCU\\Software\\Microsoft\\Windows\\CurrentVersion\\Run', 'malware_test', None, 'C:\\Users\\Public\\malware.exe')
('ADDED', 'HKCU\\Software\\Microsoft\\Windows\\CurrentVersion\\Run', 'malware_test', None, 'C:\\Users\\Public\\malware.exe')
('ADDED', 'HKCU\\Software\\Microsoft\\Windows\\CurrentVersion\\Run', 'malware_test', None, 'C:\\Users\\Public\\malware.exe')
('ADDED', 'HKCU\\Software\\Microsoft\\Windows\\CurrentVersion\\Run', 'malware_test', None, 'C:\\Users\\Public\\malware.exe')
('ADDED', 'HKCU\\Software\\Microsoft\\Windows\\CurrentVersion\\Run', 'malware_test', None, 'C:\\Users\\Public\\malware.exe')
('ADDED', 'HKCU\\Software\\Microsoft\\Windows\\CurrentVersion\\Run', 'malware_test', None, 'C:\\Users\\Public\\malware.exe')
('ADDED', 'HKCU\\Software\\Microsoft\\Windows\\CurrentVersion\\Run', 'malware_test', None, 'C:\\Users\\Public\\malware.exe')
('ADDED', 'HKCU\\Software\\Microsoft\\Windows\\CurrentVersion\\Run', 'malware_test', None, 'C:\\Users\\Public\\malware.exe')
('ADDED', 'HKCU\\Software\\Microsoft\\Windows\\CurrentVersion\\Run', 'malware_test', None, 'C:\\Users\\Public\\malware.exe')
('ADDED', 'HKCU\\Software\\Microsoft\\Windows\\CurrentVersion\\Run', 'malware_test', None, 'C:\\Users\\Public\\malware.exe')
('ADDED', 'HKCU\\Software\\Microsoft\\Windows\\CurrentVersion\\Run', 'malware_test', None, 'C:\\Users\\Public\\malware.exe')
('ADDED', 'HKCU\\Software\\Microsoft\\Windows\\CurrentVersion\\Run', 'malware_test', None, 'C:\\Users\\Public\\malware.exe')
('ADDED', 'HKCU\\Software\\Microsoft\\Windows\\CurrentVersion\\Run', 'malware_test', None, 'C:\\Users\\Public\\malware.exe')
('DELETED', 'HKCU\\Software\\Microsoft\\Windows\\CurrentVersion\\Run', 'MicrosoftEdgeAutoLaunch_E27E50BD5633453D54C19716A813DFE6', '"C:\\Program Files (x86)\\Microsoft\\Edge\\Application\\msedge.exe" --no-startup-window --win-session-start', None)
('ADDED', 'HKCU\\Software\\Microsoft\\Windows\\CurrentVersion\\Run', 'malware_test', None, 'C:\\Users\\Public\\malware.exe')
('DELETED', 'HKCU\\Software\\Microsoft\\Windows\\CurrentVersion\\Run', 'MicrosoftEdgeAutoLaunch_E27E50BD5633453D54C19716A813DFE6', '"C:\\Program Files (x86)\\Microsoft\\Edge\\Application\\msedge.exe" --no-startup-window --win-session-start', None)
('ADDED', 'HKCU\\Software\\Microsoft\\Windows\\CurrentVersion\\Run', 'malware_test', None, 'C:\\Users\\Public\\malware.exe')
('DELETED', 'HKCU\\Software\\Microsoft\\Windows\\CurrentVersion\\Run', 'MicrosoftEdgeAutoLaunch_E27E50BD5633453D54C19716A813DFE6', '"C:\\Program Files (x86)\\Microsoft\\Edge\\Application\\msedge.exe" --no-startup-window --win-session-start', None)
('ADDED', 'HKCU\\Software\\Microsoft\\Windows\\CurrentVersion\\Run', 'malware_test', None, 'C:\\Users\\Public\\malware.exe')
('DELETED', 'HKCU\\Software\\Microsoft\\Windows\\CurrentVersion\\Run', 'MicrosoftEdgeAutoLaunch_E27E50BD5633453D54C19716A813DFE6', '"C:\\Program Files (x86)\\Microsoft\\Edge\\Application\\msedge.exe" --no-startup-window --win-session-start', None)
('ADDED', 'HKCU\\Software\\Microsoft\\Windows\\CurrentVersion\\Run', 'malware_test', None, 'C:\\Users\\Public\\malware.exe')
('DELETED', 'HKCU\\Software\\Microsoft\\Windows\\CurrentVersion\\Run', 'MicrosoftEdgeAutoLaunch_E27E50BD5633453D54C19716A813DFE6', '"C:\\Program Files (x86)\\Microsoft\\Edge\\Application\\msedge.exe" --no-startup-window --win-session-start', None)
('ADDED', 'HKCU\\Software\\Microsoft\\Windows\\CurrentVersion\\Run', 'malware_test', None, 'C:\\Users\\Public\\malware.exe')
('DELETED', 'HKCU\\Software\\Microsoft\\Windows\\CurrentVersion\\Run', 'MicrosoftEdgeAutoLaunch_E27E50BD5633453D54C19716A813DFE6', '"C:\\Program Files (x86)\\Microsoft\\Edge\\Application\\msedge.exe" --no-startup-window --win-session-start', None)
('ADDED', 'HKCU\\Software\\Microsoft\\Windows\\CurrentVersion\\Run', 'malware_test', None, 'C:\\Users\\Public\\malware.exe')
('DELETED', 'HKCU\\Software\\Microsoft\\Windows\\CurrentVersion\\Run', 'MicrosoftEdgeAutoLaunch_E27E50BD5633453D54C19716A813DFE6', '"C:\\Program Files (x86)\\Microsoft\\Edge\\Application\\msedge.exe" --no-startup-window --win-session-start', None)
('ADDED', 'HKCU\\Software\\Microsoft\\Windows\\CurrentVersion\\Run', 'malware_test', None, 'C:\\Users\\Public\\malware.exe')
('DELETED', 'HKCU\\Software\\Microsoft\\Windows\\CurrentVersion\\Run', 'MicrosoftEdgeAutoLaunch_E27E50BD5633453D54C19716A813DFE6', '"C:\\Program Files (x86)\\Microsoft\\Edge\\Application\\msedge.exe" --no-startup-window --win-session-start', None)
('ADDED', 'HKCU\\Software\\Microsoft\\Windows\\CurrentVersion\\Run', 'malware_test', None, 'C:\\Users\\Public\\malware.exe')
('DELETED', 'HKCU\\Software\\Microsoft\\Windows\\CurrentVersion\\Run', 'MicrosoftEdgeAutoLaunch_E27E50BD5633453D54C19716A813DFE6', '"C:\\Program Files (x86)\\Microsoft\\Edge\\Application\\msedge.exe" --no-startup-window --win-session-start', None)
('ADDED', 'HKCU\\Software\\Microsoft\\Windows\\CurrentVersion\\Run', 'malware_test', None, 'C:\\Users\\Public\\malware.exe')
('DELETED', 'HKCU\\Software\\Microsoft\\Windows\\CurrentVersion\\Run', 'MicrosoftEdgeAutoLaunch_E27E50BD5633453D54C19716A813DFE6', '"C:\\Program Files (x86)\\Microsoft\\Edge\\Application\\msedge.exe" --no-startup-window --win-session-start', None)
('ADDED', 'HKCU\\Software\\Microsoft\\Windows\\CurrentVersion\\Run', 'malware_test', None, 'C:\\Users\\Public\\malware.exe')
('ADDED', 'HKCU\\Software\\Microsoft\\Windows\\CurrentVersion\\Run', 'test_realtime_check', None, '')
('DELETED', 'HKCU\\Software\\Microsoft\\Windows\\CurrentVersion\\Run', 'MicrosoftEdgeAutoLaunch_E27E50BD5633453D54C19716A813DFE6', '"C:\\Program Files (x86)\\Microsoft\\Edge\\Application\\msedge.exe" --no-startup-window --win-session-start', None)
('ADDED', 'HKCU\\Software\\Microsoft\\Windows\\CurrentVersion\\Run', 'malware_test', None, 'C:\\Users\\Public\\malware.exe')
('ADDED', 'HKCU\\Software\\Microsoft\\Windows\\CurrentVersion\\Run', 'test_realtime_check', None, 'C:\\Users\\Public\\test.exe')
('DELETED', 'HKCU\\Software\\Microsoft\\Windows\\CurrentVersion\\Run', 'MicrosoftEdgeAutoLaunch_E27E50BD5633453D54C19716A813DFE6', '"C:\\Program Files (x86)\\Microsoft\\Edge\\Application\\msedge.exe" --no-startup-window --win-session-start', None)
('ADDED', 'HKCU\\Software\\Microsoft\\Windows\\CurrentVersion\\Run', 'malware_test', None, 'C:\\Users\\Public\\malware.exe')
('ADDED', 'HKCU\\Software\\Microsoft\\Windows\\CurrentVersion\\Run', 'test_realtime_check', None, 'C:\\Users\\Public\\test.exe')
('DELETED', 'HKCU\\Software\\Microsoft\\Windows\\CurrentVersion\\Run', 'MicrosoftEdgeAutoLaunch_E27E50BD5633453D54C19716A813DFE6', '"C:\\Program Files (x86)\\Microsoft\\Edge\\Application\\msedge.exe" --no-startup-window --win-session-start', None)
('ADDED', 'HKCU\\Software\\Microsoft\\Windows\\CurrentVersion\\Run', 'malware_test', None, 'C:\\Users\\Public\\malware.exe')
('ADDED', 'HKCU\\Software\\Microsoft\\Windows\\CurrentVersion\\Run', 'test_realtime_check', None, 'C:\\Users\\Public\\test.exe')
('DELETED', 'HKCU\\Software\\Microsoft\\Windows\\CurrentVersion\\Run', 'MicrosoftEdgeAutoLaunch_E27E50BD5633453D54C19716A813DFE6', '"C:\\Program Files (x86)\\Microsoft\\Edge\\Application\\msedge.exe" --no-startup-window --win-session-start', None)
('ADDED', 'HKCU\\Software\\Microsoft\\Windows\\CurrentVersion\\Run', 'malware_test', None, 'C:\\Users\\Public\\malware.exe')
('ADDED', 'HKCU\\Software\\Microsoft\\Windows\\CurrentVersion\\Run', 'test_realtime_check', None, 'C:\\Users\\Public\\test.exe')
('DELETED', 'HKCU\\Software\\Microsoft\\Windows\\CurrentVersion\\Run', 'MicrosoftEdgeAutoLaunch_E27E50BD5633453D54C19716A813DFE6', '"C:\\Program Files (x86)\\Microsoft\\Edge\\Application\\msedge.exe" --no-startup-window --win-session-start', None)
('ADDED', 'HKCU\\Software\\Microsoft\\Windows\\CurrentVersion\\Run', 'malware_test', None, 'C:\\Users\\Public\\malware.exe')
('ADDED', 'HKCU\\Software\\Microsoft\\Windows\\CurrentVersion\\Run', 'test_realtime_check', None, 'C:\\Users\\Public\\test.exe')
('DELETED', 'HKCU\\Software\\Microsoft\\Windows\\CurrentVersion\\Run', 'MicrosoftEdgeAutoLaunch_E27E50BD5633453D54C19716A813DFE6', '"C:\\Program Files (x86)\\Microsoft\\Edge\\Application\\msedge.exe" --no-startup-window --win-session-start', None)
('ADDED', 'HKCU\\Software\\Microsoft\\Windows\\CurrentVersion\\Run', 'malware_test', None, 'C:\\Users\\Public\\malware.exe')
('ADDED', 'HKCU\\Software\\Microsoft\\Windows\\CurrentVersion\\Run', 'test_realtime_check', None, 'C:\\Users\\Public\\test.exe')
('DELETED', 'HKCU\\Software\\Microsoft\\Windows\\CurrentVersion\\Run', 'MicrosoftEdgeAutoLaunch_E27E50BD5633453D54C19716A813DFE6', '"C:\\Program Files (x86)\\Microsoft\\Edge\\Application\\msedge.exe" --no-startup-window --win-session-start', None)
('ADDED', 'HKCU\\Software\\Microsoft\\Windows\\CurrentVersion\\Run', 'malware_test', None, 'C:\\Users\\Public\\malware.exe')
('ADDED', 'HKCU\\Software\\Microsoft\\Windows\\CurrentVersion\\Run', 'test_realtime_check', None, 'C:\\Users\\Public\\test.exe')
('DELETED', 'HKCU\\Software\\Microsoft\\Windows\\CurrentVersion\\Run', 'MicrosoftEdgeAutoLaunch_E27E50BD5633453D54C19716A813DFE6', '"C:\\Program Files (x86)\\Microsoft\\Edge\\Application\\msedge.exe" --no-startup-window --win-session-start', None)
('ADDED', 'HKCU\\Software\\Microsoft\\Windows\\CurrentVersion\\Run', 'malware_test', None, 'C:\\Users\\Public\\malware.exe')
('ADDED', 'HKCU\\Software\\Microsoft\\Windows\\CurrentVersion\\Run', 'test_realtime_check', None, 'C:\\Users\\Public\\test.exe')
('DELETED', 'HKCU\\Software\\Microsoft\\Windows\\CurrentVersion\\Run', 'MicrosoftEdgeAutoLaunch_E27E50BD5633453D54C19716A813DFE6', '"C:\\Program Files (x86)\\Microsoft\\Edge\\Application\\msedge.exe" --no-startup-window --win-session-start', None)
('ADDED', 'HKCU\\Software\\Microsoft\\Windows\\CurrentVersion\\Run', 'malware_test', None, 'C:\\Users\\Public\\malware.exe')
('ADDED', 'HKCU\\Software\\Microsoft\\Windows\\CurrentVersion\\Run', 'test_realtime_check', None, 'C:\\Users\\Public\\test.exe')
('DELETED', 'HKCU\\Software\\Microsoft\\Windows\\CurrentVersion\\Run', 'MicrosoftEdgeAutoLaunch_E27E50BD5633453D54C19716A813DFE6', '"C:\\Program Files (x86)\\Microsoft\\Edge\\Application\\msedge.exe" --no-startup-window --win-session-start', None)
('ADDED', 'HKCU\\Software\\Microsoft\\Windows\\CurrentVersion\\Run', 'malware_test', None, 'C:\\Users\\Public\\malware.exe')
('ADDED', 'HKCU\\Software\\Microsoft\\Windows\\CurrentVersion\\Run', 'test_realtime_check', None, 'C:\\Users\\Public\\test.exe')
('DELETED', 'HKCU\\Software\\Microsoft\\Windows\\CurrentVersion\\Run', 'MicrosoftEdgeAutoLaunch_E27E50BD5633453D54C19716A813DFE6', '"C:\\Program Files (x86)\\Microsoft\\Edge\\Application\\msedge.exe" --no-startup-window --win-session-start', None)
('ADDED', 'HKCU\\Software\\Microsoft\\Windows\\CurrentVersion\\Run', 'malware_test', None, 'C:\\Users\\Public\\malware.exe')
('ADDED', 'HKCU\\Software\\Microsoft\\Windows\\CurrentVersion\\Run', 'test_realtime_check', None, 'C:\\Users\\Public\\modified.exe')
('DELETED', 'HKCU\\Software\\Microsoft\\Windows\\CurrentVersion\\Run', 'MicrosoftEdgeAutoLaunch_E27E50BD5633453D54C19716A813DFE6', '"C:\\Program Files (x86)\\Microsoft\\Edge\\Application\\msedge.exe" --no-startup-window --win-session-start', None)
('ADDED', 'HKCU\\Software\\Microsoft\\Windows\\CurrentVersion\\Run', 'malware_test', None, 'C:\\Users\\Public\\malware.exe')
('ADDED', 'HKCU\\Software\\Microsoft\\Windows\\CurrentVersion\\Run', 'test_realtime_check', None, 'C:\\Users\\Public\\modified.exe')
('DELETED', 'HKCU\\Software\\Microsoft\\Windows\\CurrentVersion\\Run', 'MicrosoftEdgeAutoLaunch_E27E50BD5633453D54C19716A813DFE6', '"C:\\Program Files (x86)\\Microsoft\\Edge\\Application\\msedge.exe" --no-startup-window --win-session-start', None)
('ADDED', 'HKCU\\Software\\Microsoft\\Windows\\CurrentVersion\\Run', 'malware_test', None, 'C:\\Users\\Public\\malware.exe')
('ADDED', 'HKCU\\Software\\Microsoft\\Windows\\CurrentVersion\\Run', 'test_realtime_check', None, 'C:\\Users\\Public\\modified.exe')
('DELETED', 'HKCU\\Software\\Microsoft\\Windows\\CurrentVersion\\Run', 'MicrosoftEdgeAutoLaunch_E27E50BD5633453D54C19716A813DFE6', '"C:\\Program Files (x86)\\Microsoft\\Edge\\Application\\msedge.exe" --no-startup-window --win-session-start', None)
('ADDED', 'HKCU\\Software\\Microsoft\\Windows\\CurrentVersion\\Run', 'malware_test', None, 'C:\\Users\\Public\\malware.exe')
('ADDED', 'HKCU\\Software\\Microsoft\\Windows\\CurrentVersion\\Run', 'test_realtime_check', None, 'C:\\Users\\Public\\modified.exe')
('DELETED', 'HKCU\\Software\\Microsoft\\Windows\\CurrentVersion\\Run', 'MicrosoftEdgeAutoLaunch_E27E50BD5633453D54C19716A813DFE6', '"C:\\Program Files (x86)\\Microsoft\\Edge\\Application\\msedge.exe" --no-startup-window --win-session-start', None)
('ADDED', 'HKCU\\Software\\Microsoft\\Windows\\CurrentVersion\\Run', 'malware_test', None, 'C:\\Users\\Public\\malware.exe')
('ADDED', 'HKCU\\Software\\Microsoft\\Windows\\CurrentVersion\\Run', 'test_realtime_check', None, 'C:\\Users\\Public\\modified.exe')
('DELETED', 'HKCU\\Software\\Microsoft\\Windows\\CurrentVersion\\Run', 'MicrosoftEdgeAutoLaunch_E27E50BD5633453D54C19716A813DFE6', '"C:\\Program Files (x86)\\Microsoft\\Edge\\Application\\msedge.exe" --no-startup-window --win-session-start', None)
('ADDED', 'HKCU\\Software\\Microsoft\\Windows\\CurrentVersion\\Run', 'malware_test', None, 'C:\\Users\\Public\\malware.exe')
('DELETED', 'HKCU\\Software\\Microsoft\\Windows\\CurrentVersion\\Run', 'MicrosoftEdgeAutoLaunch_E27E50BD5633453D54C19716A813DFE6', '"C:\\Program Files (x86)\\Microsoft\\Edge\\Application\\msedge.exe" --no-startup-window --win-session-start', None)
('ADDED', 'HKCU\\Software\\Microsoft\\Windows\\CurrentVersion\\Run', 'malware_test', None, 'C:\\Users\\Public\\malware.exe')
('DELETED', 'HKCU\\Software\\Microsoft\\Windows\\CurrentVersion\\Run', 'MicrosoftEdgeAutoLaunch_E27E50BD5633453D54C19716A813DFE6', '"C:\\Program Files (x86)\\Microsoft\\Edge\\Application\\msedge.exe" --no-startup-window --win-session-start', None)
('ADDED', 'HKCU\\Software\\Microsoft\\Windows\\CurrentVersion\\Run', 'malware_test', None, 'C:\\Users\\Public\\malware.exe')
('DELETED', 'HKCU\\Software\\Microsoft\\Windows\\CurrentVersion\\Run', 'MicrosoftEdgeAutoLaunch_E27E50BD5633453D54C19716A813DFE6', '"C:\\Program Files (x86)\\Microsoft\\Edge\\Application\\msedge.exe" --no-startup-window --win-session-start', None)
('ADDED', 'HKCU\\Software\\Microsoft\\Windows\\CurrentVersion\\Run', 'malware_test', None, 'C:\\Users\\Public\\malware.exe')
('DELETED', 'HKCU\\Software\\Microsoft\\Windows\\CurrentVersion\\Run', 'MicrosoftEdgeAutoLaunch_E27E50BD5633453D54C19716A813DFE6', '"C:\\Program Files (x86)\\Microsoft\\Edge\\Application\\msedge.exe" --no-startup-window --win-session-start', None)
('ADDED', 'HKCU\\Software\\Microsoft\\Windows\\CurrentVersion\\Run', 'malware_test', None, 'C:\\Users\\Public\\malware.exe')
('DELETED', 'HKCU\\Software\\Microsoft\\Windows\\CurrentVersion\\Run', 'MicrosoftEdgeAutoLaunch_E27E50BD5633453D54C19716A813DFE6', '"C:\\Program Files (x86)\\Microsoft\\Edge\\Application\\msedge.exe" --no-startup-window --win-session-start', None)
('ADDED', 'HKCU\\Software\\Microsoft\\Windows\\CurrentVersion\\Run', 'malware_test', None, 'C:\\Users\\Public\\malware.exe')
('DELETED', 'HKCU\\Software\\Microsoft\\Windows\\CurrentVersion\\Run', 'MicrosoftEdgeAutoLaunch_E27E50BD5633453D54C19716A813DFE6', '"C:\\Program Files (x86)\\Microsoft\\Edge\\Application\\msedge.exe" --no-startup-window --win-session-start', None)
('ADDED', 'HKCU\\Software\\Microsoft\\Windows\\CurrentVersion\\Run', 'malware_test', None, 'C:\\Users\\Public\\malware.exe')
('DELETED', 'HKCU\\Software\\Microsoft\\Windows\\CurrentVersion\\Run', 'MicrosoftEdgeAutoLaunch_E27E50BD5633453D54C19716A813DFE6', '"C:\\Program Files (x86)\\Microsoft\\Edge\\Application\\msedge.exe" --no-startup-window --win-session-start', None)
('ADDED', 'HKCU\\Software\\Microsoft\\Windows\\CurrentVersion\\Run', 'malware_test', None, 'C:\\Users\\Public\\malware.exe')
('DELETED', 'HKCU\\Software\\Microsoft\\Windows\\CurrentVersion\\Run', 'MicrosoftEdgeAutoLaunch_E27E50BD5633453D54C19716A813DFE6', '"C:\\Program Files (x86)\\Microsoft\\Edge\\Application\\msedge.exe" --no-startup-window --win-session-start', None)
('ADDED', 'HKCU\\Software\\Microsoft\\Windows\\CurrentVersion\\Run', 'malware_test', None, 'C:\\Users\\Public\\malware.exe')
('DELETED', 'HKCU\\Software\\Microsoft\\Windows\\CurrentVersion\\Run', 'MicrosoftEdgeAutoLaunch_E27E50BD5633453D54C19716A813DFE6', '"C:\\Program Files (x86)\\Microsoft\\Edge\\Application\\msedge.exe" --no-startup-window --win-session-start', None)
('ADDED', 'HKCU\\Software\\Microsoft\\Windows\\CurrentVersion\\Run', 'malware_test', None, 'C:\\Users\\Public\\malware.exe')
('DELETED', 'HKCU\\Software\\Microsoft\\Windows\\CurrentVersion\\Run', 'MicrosoftEdgeAutoLaunch_E27E50BD5633453D54C19716A813DFE6', '"C:\\Program Files (x86)\\Microsoft\\Edge\\Application\\msedge.exe" --no-startup-window --win-session-start', None)
('ADDED', 'HKCU\\Software\\Microsoft\\Windows\\CurrentVersion\\Run', 'malware_test', None, 'C:\\Users\\Public\\malware.exe')
('DELETED', 'HKCU\\Software\\Microsoft\\Windows\\CurrentVersion\\Run', 'MicrosoftEdgeAutoLaunch_E27E50BD5633453D54C19716A813DFE6', '"C:\\Program Files (x86)\\Microsoft\\Edge\\Application\\msedge.exe" --no-startup-window --win-session-start', None)
('ADDED', 'HKCU\\Software\\Microsoft\\Windows\\CurrentVersion\\Run', 'malware_test', None, 'C:\\Users\\Public\\malware.exe')
('DELETED', 'HKCU\\Software\\Microsoft\\Windows\\CurrentVersion\\Run', 'MicrosoftEdgeAutoLaunch_E27E50BD5633453D54C19716A813DFE6', '"C:\\Program Files (x86)\\Microsoft\\Edge\\Application\\msedge.exe" --no-startup-window --win-session-start', None)
('ADDED', 'HKCU\\Software\\Microsoft\\Windows\\CurrentVersion\\Run', 'malware_test', None, 'C:\\Users\\Public\\malware.exe')
('DELETED', 'HKCU\\Software\\Microsoft\\Windows\\CurrentVersion\\Run', 'MicrosoftEdgeAutoLaunch_E27E50BD5633453D54C19716A813DFE6', '"C:\\Program Files (x86)\\Microsoft\\Edge\\Application\\msedge.exe" --no-startup-window --win-session-start', None)
('ADDED', 'HKCU\\Software\\Microsoft\\Windows\\CurrentVersion\\Run', 'malware_test', None, 'C:\\Users\\Public\\malware.exe')
('DELETED', 'HKCU\\Software\\Microsoft\\Windows\\CurrentVersion\\Run', 'MicrosoftEdgeAutoLaunch_E27E50BD5633453D54C19716A813DFE6', '"C:\\Program Files (x86)\\Microsoft\\Edge\\Application\\msedge.exe" --no-startup-window --win-session-start', None)
('ADDED', 'HKCU\\Software\\Microsoft\\Windows\\CurrentVersion\\Run', 'malware_test', None, 'C:\\Users\\Public\\malware.exe')
('DELETED', 'HKCU\\Software\\Microsoft\\Windows\\CurrentVersion\\Run', 'MicrosoftEdgeAutoLaunch_E27E50BD5633453D54C19716A813DFE6', '"C:\\Program Files (x86)\\Microsoft\\Edge\\Application\\msedge.exe" --no-startup-window --win-session-start', None)
('ADDED', 'HKCU\\Software\\Microsoft\\Windows\\CurrentVersion\\Run', 'malware_test', None, 'C:\\Users\\Public\\malware.exe')
('DELETED', 'HKCU\\Software\\Microsoft\\Windows\\CurrentVersion\\Run', 'MicrosoftEdgeAutoLaunch_E27E50BD5633453D54C19716A813DFE6', '"C:\\Program Files (x86)\\Microsoft\\Edge\\Application\\msedge.exe" --no-startup-window --win-session-start', None)
('ADDED', 'HKCU\\Software\\Microsoft\\Windows\\CurrentVersion\\Run', 'malware_test', None, 'C:\\Users\\Public\\malware.exe')
('DELETED', 'HKCU\\Software\\Microsoft\\Windows\\CurrentVersion\\Run', 'MicrosoftEdgeAutoLaunch_E27E50BD5633453D54C19716A813DFE6', '"C:\\Program Files (x86)\\Microsoft\\Edge\\Application\\msedge.exe" --no-startup-window --win-session-start', None)
('ADDED', 'HKCU\\Software\\Microsoft\\Windows\\CurrentVersion\\Run', 'malware_test', None, 'C:\\Users\\Public\\malware.exe')
('DELETED', 'HKCU\\Software\\Microsoft\\Windows\\CurrentVersion\\Run', 'MicrosoftEdgeAutoLaunch_E27E50BD5633453D54C19716A813DFE6', '"C:\\Program Files (x86)\\Microsoft\\Edge\\Application\\msedge.exe" --no-startup-window --win-session-start', None)
('ADDED', 'HKCU\\Software\\Microsoft\\Windows\\CurrentVersion\\Run', 'malware_test', None, 'C:\\Users\\Public\\malware.exe')
('DELETED', 'HKCU\\Software\\Microsoft\\Windows\\CurrentVersion\\Run', 'MicrosoftEdgeAutoLaunch_E27E50BD5633453D54C19716A813DFE6', '"C:\\Program Files (x86)\\Microsoft\\Edge\\Application\\msedge.exe" --no-startup-window --win-session-start', None)
('ADDED', 'HKCU\\Software\\Microsoft\\Windows\\CurrentVersion\\Run', 'malware_test', None, 'C:\\Users\\Public\\malware.exe')
('DELETED', 'HKCU\\Software\\Microsoft\\Windows\\CurrentVersion\\Run', 'MicrosoftEdgeAutoLaunch_E27E50BD5633453D54C19716A813DFE6', '"C:\\Program Files (x86)\\Microsoft\\Edge\\Application\\msedge.exe" --no-startup-window --win-session-start', None)
('DELETED', 'HKCU\\Software\\Microsoft\\Windows\\CurrentVersion\\Run', 'MicrosoftEdgeAutoLaunch_E27E50BD5633453D54C19716A813DFE6', '"C:\\Program Files (x86)\\Microsoft\\Edge\\Application\\msedge.exe" --no-startup-window --win-session-start', None)
('DELETED', 'HKCU\\Software\\Microsoft\\Windows\\CurrentVersion\\Run', 'MicrosoftEdgeAutoLaunch_E27E50BD5633453D54C19716A813DFE6', '"C:\\Program Files (x86)\\Microsoft\\Edge\\Application\\msedge.exe" --no-startup-window --win-session-start', None)
('DELETED', 'HKCU\\Software\\Microsoft\\Windows\\CurrentVersion\\Run', 'MicrosoftEdgeAutoLaunch_E27E50BD5633453D54C19716A813DFE6', '"C:\\Program Files (x86)\\Microsoft\\Edge\\Application\\msedge.exe" --no-startup-window --win-session-start', None)
('ADDED', 'HKCU\\Software\\Microsoft\\Windows\\CurrentVersion\\Run', 'New Value #1', None, '')
('DELETED', 'HKCU\\Software\\Microsoft\\Windows\\CurrentVersion\\Run', 'MicrosoftEdgeAutoLaunch_E27E50BD5633453D54C19716A813DFE6', '"C:\\Program Files (x86)\\Microsoft\\Edge\\Application\\msedge.exe" --no-startup-window --win-session-start', None)
('ADDED', 'HKCU\\Software\\Microsoft\\Windows\\CurrentVersion\\Run', 'New Value #1', None, '')
('ADDED', 'HKCU\\Software\\Microsoft\\Windows\\CurrentVersion\\Run', 'malware_test', None, '')
('DELETED', 'HKCU\\Software\\Microsoft\\Windows\\CurrentVersion\\Run', 'MicrosoftEdgeAutoLaunch_E27E50BD5633453D54C19716A813DFE6', '"C:\\Program Files (x86)\\Microsoft\\Edge\\Application\\msedge.exe" --no-startup-window --win-session-start', None)
('ADDED', 'HKCU\\Software\\Microsoft\\Windows\\CurrentVersion\\Run', 'malware_test', None, 'C:\\Users\\Public\\malware.exe')
('DELETED', 'HKCU\\Software\\Microsoft\\Windows\\CurrentVersion\\Run', 'MicrosoftEdgeAutoLaunch_E27E50BD5633453D54C19716A813DFE6', '"C:\\Program Files (x86)\\Microsoft\\Edge\\Application\\msedge.exe" --no-startup-window --win-session-start', None)
('ADDED', 'HKCU\\Software\\Microsoft\\Windows\\CurrentVersion\\Run', 'malware_test', None, 'C:\\Users\\Public\\malware.exe')
('ADDED', 'HKCU\\Software\\Microsoft\\Windows\\CurrentVersion\\Run', 'malware_test', None, 'C:\\Users\\Public\\malware.exe')
('DELETED', 'HKCU\\Software\\Microsoft\\Windows\\CurrentVersion\\Run', 'MicrosoftEdgeAutoLaunch_E27E50BD5633453D54C19716A813DFE6', '"C:\\Program Files (x86)\\Microsoft\\Edge\\Application\\msedge.exe" --no-startup-window --win-session-start', None)
('ADDED', 'HKCU\\Software\\Microsoft\\Windows\\CurrentVersion\\Run', 'malware_test', None, 'C:\\Users\\Public\\malware.exe')
('DELETED', 'HKCU\\Software\\Microsoft\\Windows\\CurrentVersion\\Run', 'MicrosoftEdgeAutoLaunch_E27E50BD5633453D54C19716A813DFE6', '"C:\\Program Files (x86)\\Microsoft\\Edge\\Application\\msedge.exe" --no-startup-window --win-session-start', None)
('ADDED', 'HKCU\\Software\\Microsoft\\Windows\\CurrentVersion\\Run', 'malware_test', None, 'C:\\Users\\Public\\malware.exe')
('ADDED', 'HKCU\\Software\\Microsoft\\Windows\\CurrentVersion\\Run', 'malware_test', None, 'C:\\Users\\Public\\malware.exe')
('DELETED', 'HKCU\\Software\\Microsoft\\Windows\\CurrentVersion\\Run', 'MicrosoftEdgeAutoLaunch_E27E50BD5633453D54C19716A813DFE6', '"C:\\Program Files (x86)\\Microsoft\\Edge\\Application\\msedge.exe" --no-startup-window --win-session-start', None)
('ADDED', 'HKCU\\Software\\Microsoft\\Windows\\CurrentVersion\\Run', 'malware_test', None, 'C:\\Users\\Public\\malware.exe')
('ADDED', 'HKCU\\Software\\Microsoft\\Windows\\CurrentVersion\\Run', 'malware_test', None, 'C:\\Users\\Public\\malware.exe')
('DELETED', 'HKCU\\Software\\Microsoft\\Windows\\CurrentVersion\\Run', 'MicrosoftEdgeAutoLaunch_E27E50BD5633453D54C19716A813DFE6', '"C:\\Program Files (x86)\\Microsoft\\Edge\\Application\\msedge.exe" --no-startup-window --win-session-start', None)
('ADDED', 'HKCU\\Software\\Microsoft\\Windows\\CurrentVersion\\Run', 'malware_test', None, 'C:\\Users\\Public\\malware.exe')
('ADDED', 'HKCU\\Software\\Microsoft\\Windows\\CurrentVersion\\Run', 'malware_test', None, 'C:\\Users\\Public\\malware.exe')
('DELETED', 'HKCU\\Software\\Microsoft\\Windows\\CurrentVersion\\Run', 'MicrosoftEdgeAutoLaunch_E27E50BD5633453D54C19716A813DFE6', '"C:\\Program Files (x86)\\Microsoft\\Edge\\Application\\msedge.exe" --no-startup-window --win-session-start', None)
('ADDED', 'HKCU\\Software\\Microsoft\\Windows\\CurrentVersion\\Run', 'malware_test', None, 'C:\\Users\\Public\\malware.exe')
('ADDED', 'HKCU\\Software\\Microsoft\\Windows\\CurrentVersion\\Run', 'malware_test', None, 'C:\\Users\\Public\\malware.exe')
('DELETED', 'HKCU\\Software\\Microsoft\\Windows\\CurrentVersion\\Run', 'MicrosoftEdgeAutoLaunch_E27E50BD5633453D54C19716A813DFE6', '"C:\\Program Files (x86)\\Microsoft\\Edge\\Application\\msedge.exe" --no-startup-window --win-session-start', None)
('ADDED', 'HKCU\\Software\\Microsoft\\Windows\\CurrentVersion\\Run', 'malware_test', None, 'C:\\Users\\Public\\malware.exe')
('ADDED', 'HKCU\\Software\\Microsoft\\Windows\\CurrentVersion\\Run', 'malware_test', None, 'C:\\Users\\Public\\malware.exe')
('DELETED', 'HKCU\\Software\\Microsoft\\Windows\\CurrentVersion\\Run', 'MicrosoftEdgeAutoLaunch_E27E50BD5633453D54C19716A813DFE6', '"C:\\Program Files (x86)\\Microsoft\\Edge\\Application\\msedge.exe" --no-startup-window --win-session-start', None)
('ADDED', 'HKCU\\Software\\Microsoft\\Windows\\CurrentVersion\\Run', 'malware_test', None, 'C:\\Users\\Public\\malware.exe')
('ADDED', 'HKCU\\Software\\Microsoft\\Windows\\CurrentVersion\\Run', 'malware_test', None, 'C:\\Users\\Public\\malware.exe')
('DELETED', 'HKCU\\Software\\Microsoft\\Windows\\CurrentVersion\\Run', 'MicrosoftEdgeAutoLaunch_E27E50BD5633453D54C19716A813DFE6', '"C:\\Program Files (x86)\\Microsoft\\Edge\\Application\\msedge.exe" --no-startup-window --win-session-start', None)
('ADDED', 'HKCU\\Software\\Microsoft\\Windows\\CurrentVersion\\Run', 'malware_test', None, 'C:\\Users\\Public\\malware.exe')
('ADDED', 'HKCU\\Software\\Microsoft\\Windows\\CurrentVersion\\Run', 'malware_test', None, 'C:\\Users\\Public\\malware.exe')
('DELETED', 'HKCU\\Software\\Microsoft\\Windows\\CurrentVersion\\Run', 'MicrosoftEdgeAutoLaunch_E27E50BD5633453D54C19716A813DFE6', '"C:\\Program Files (x86)\\Microsoft\\Edge\\Application\\msedge.exe" --no-startup-window --win-session-start', None)
('ADDED', 'HKCU\\Software\\Microsoft\\Windows\\CurrentVersion\\Run', 'malware_test', None, 'C:\\Users\\Public\\malware.exe')
('ADDED', 'HKCU\\Software\\Microsoft\\Windows\\CurrentVersion\\Run', 'malware_test', None, 'C:\\Users\\Public\\malware.exe')
('DELETED', 'HKCU\\Software\\Microsoft\\Windows\\CurrentVersion\\Run', 'MicrosoftEdgeAutoLaunch_E27E50BD5633453D54C19716A813DFE6', '"C:\\Program Files (x86)\\Microsoft\\Edge\\Application\\msedge.exe" --no-startup-window --win-session-start', None)
('ADDED', 'HKCU\\Software\\Microsoft\\Windows\\CurrentVersion\\Run', 'malware_test', None, 'C:\\Users\\Public\\malware.exe')
('ADDED', 'HKCU\\Software\\Microsoft\\Windows\\CurrentVersion\\Run', 'malware_test', None, 'C:\\Users\\Public\\malware.exe')
('DELETED', 'HKCU\\Software\\Microsoft\\Windows\\CurrentVersion\\Run', 'MicrosoftEdgeAutoLaunch_E27E50BD5633453D54C19716A813DFE6', '"C:\\Program Files (x86)\\Microsoft\\Edge\\Application\\msedge.exe" --no-startup-window --win-session-start', None)
('ADDED', 'HKCU\\Software\\Microsoft\\Windows\\CurrentVersion\\Run', 'malware_test', None, 'C:\\Users\\Public\\malware.exe')
('ADDED', 'HKCU\\Software\\Microsoft\\Windows\\CurrentVersion\\Run', 'malware_test', None, 'C:\\Users\\Public\\malware.exe')
('DELETED', 'HKCU\\Software\\Microsoft\\Windows\\CurrentVersion\\Run', 'MicrosoftEdgeAutoLaunch_E27E50BD5633453D54C19716A813DFE6', '"C:\\Program Files (x86)\\Microsoft\\Edge\\Application\\msedge.exe" --no-startup-window --win-session-start', None)
('ADDED', 'HKCU\\Software\\Microsoft\\Windows\\CurrentVersion\\Run', 'malware_test', None, 'C:\\Users\\Public\\malware.exe')
('ADDED', 'HKCU\\Software\\Microsoft\\Windows\\CurrentVersion\\Run', 'malware_test', None, 'C:\\Users\\Public\\malware.exe')
('DELETED', 'HKCU\\Software\\Microsoft\\Windows\\CurrentVersion\\Run', 'MicrosoftEdgeAutoLaunch_E27E50BD5633453D54C19716A813DFE6', '"C:\\Program Files (x86)\\Microsoft\\Edge\\Application\\msedge.exe" --no-startup-window --win-session-start', None)
('ADDED', 'HKCU\\Software\\Microsoft\\Windows\\CurrentVersion\\Run', 'malware_test', None, 'C:\\Users\\Public\\malware.exe')
('ADDED', 'HKCU\\Software\\Microsoft\\Windows\\CurrentVersion\\Run', 'malware_test', None, 'C:\\Users\\Public\\malware.exe')
('DELETED', 'HKCU\\Software\\Microsoft\\Windows\\CurrentVersion\\Run', 'MicrosoftEdgeAutoLaunch_E27E50BD5633453D54C19716A813DFE6', '"C:\\Program Files (x86)\\Microsoft\\Edge\\Application\\msedge.exe" --no-startup-window --win-session-start', None)
('ADDED', 'HKCU\\Software\\Microsoft\\Windows\\CurrentVersion\\Run', 'malware_test', None, 'C:\\Users\\Public\\malware.exe')
('ADDED', 'HKCU\\Software\\Microsoft\\Windows\\CurrentVersion\\Run', 'malware_test', None, 'C:\\Users\\Public\\malware.exe')
('DELETED', 'HKCU\\Software\\Microsoft\\Windows\\CurrentVersion\\Run', 'MicrosoftEdgeAutoLaunch_E27E50BD5633453D54C19716A813DFE6', '"C:\\Program Files (x86)\\Microsoft\\Edge\\Application\\msedge.exe" --no-startup-window --win-session-start', None)
('ADDED', 'HKCU\\Software\\Microsoft\\Windows\\CurrentVersion\\Run', 'malware_test', None, 'C:\\Users\\Public\\malware.exe')
('ADDED', 'HKCU\\Software\\Microsoft\\Windows\\CurrentVersion\\Run', 'malware_test', None, 'C:\\Users\\Public\\malware.exe')
('DELETED', 'HKCU\\Software\\Microsoft\\Windows\\CurrentVersion\\Run', 'MicrosoftEdgeAutoLaunch_E27E50BD5633453D54C19716A813DFE6', '"C:\\Program Files (x86)\\Microsoft\\Edge\\Application\\msedge.exe" --no-startup-window --win-session-start', None)
('ADDED', 'HKCU\\Software\\Microsoft\\Windows\\CurrentVersion\\Run', 'malware_test', None, 'C:\\Users\\Public\\malware.exe')
('ADDED', 'HKCU\\Software\\Microsoft\\Windows\\CurrentVersion\\Run', 'malware_test', None, 'C:\\Users\\Public\\malware.exe')
('DELETED', 'HKCU\\Software\\Microsoft\\Windows\\CurrentVersion\\Run', 'MicrosoftEdgeAutoLaunch_E27E50BD5633453D54C19716A813DFE6', '"C:\\Program Files (x86)\\Microsoft\\Edge\\Application\\msedge.exe" --no-startup-window --win-session-start', None)
('ADDED', 'HKCU\\Software\\Microsoft\\Windows\\CurrentVersion\\Run', 'malware_test', None, 'C:\\Users\\Public\\malware.exe')
('ADDED', 'HKCU\\Software\\Microsoft\\Windows\\CurrentVersion\\Run', 'malware_test', None, 'C:\\Users\\Public\\malware.exe')
('DELETED', 'HKCU\\Software\\Microsoft\\Windows\\CurrentVersion\\Run', 'MicrosoftEdgeAutoLaunch_E27E50BD5633453D54C19716A813DFE6', '"C:\\Program Files (x86)\\Microsoft\\Edge\\Application\\msedge.exe" --no-startup-window --win-session-start', None)
('ADDED', 'HKCU\\Software\\Microsoft\\Windows\\CurrentVersion\\Run', 'malware_test', None, 'C:\\Users\\Public\\malware.exe')
('ADDED', 'HKCU\\Software\\Microsoft\\Windows\\CurrentVersion\\Run', 'malware_test', None, 'C:\\Users\\Public\\malware.exe')
('DELETED', 'HKCU\\Software\\Microsoft\\Windows\\CurrentVersion\\Run', 'MicrosoftEdgeAutoLaunch_E27E50BD5633453D54C19716A813DFE6', '"C:\\Program Files (x86)\\Microsoft\\Edge\\Application\\msedge.exe" --no-startup-window --win-session-start', None)
('ADDED', 'HKCU\\Software\\Microsoft\\Windows\\CurrentVersion\\Run', 'malware_test', None, 'C:\\Users\\Public\\malware.exe')
('ADDED', 'HKCU\\Software\\Microsoft\\Windows\\CurrentVersion\\Run', 'malware_test', None, 'C:\\Users\\Public\\malware.exe')
('DELETED', 'HKCU\\Software\\Microsoft\\Windows\\CurrentVersion\\Run', 'MicrosoftEdgeAutoLaunch_E27E50BD5633453D54C19716A813DFE6', '"C:\\Program Files (x86)\\Microsoft\\Edge\\Application\\msedge.exe" --no-startup-window --win-session-start', None)
('ADDED', 'HKCU\\Software\\Microsoft\\Windows\\CurrentVersion\\Run', 'malware_test', None, 'C:\\Users\\Public\\malware.exe')
('ADDED', 'HKCU\\Software\\Microsoft\\Windows\\CurrentVersion\\Run', 'malware_test', None, 'C:\\Users\\Public\\malware.exe')
('DELETED', 'HKCU\\Software\\Microsoft\\Windows\\CurrentVersion\\Run', 'MicrosoftEdgeAutoLaunch_E27E50BD5633453D54C19716A813DFE6', '"C:\\Program Files (x86)\\Microsoft\\Edge\\Application\\msedge.exe" --no-startup-window --win-session-start', None)
('ADDED', 'HKCU\\Software\\Microsoft\\Windows\\CurrentVersion\\Run', 'malware_test', None, 'C:\\Users\\Public\\malware.exe')
('ADDED', 'HKCU\\Software\\Microsoft\\Windows\\CurrentVersion\\Run', 'malware_test', None, 'C:\\Users\\Public\\malware.exe')
('DELETED', 'HKCU\\Software\\Microsoft\\Windows\\CurrentVersion\\Run', 'MicrosoftEdgeAutoLaunch_E27E50BD5633453D54C19716A813DFE6', '"C:\\Program Files (x86)\\Microsoft\\Edge\\Application\\msedge.exe" --no-startup-window --win-session-start', None)
('ADDED', 'HKCU\\Software\\Microsoft\\Windows\\CurrentVersion\\Run', 'malware_test', None, 'C:\\Users\\Public\\malware.exe')
('ADDED', 'HKCU\\Software\\Microsoft\\Windows\\CurrentVersion\\Run', 'malware_test', None, 'C:\\Users\\Public\\malware.exe')
('DELETED', 'HKCU\\Software\\Microsoft\\Windows\\CurrentVersion\\Run', 'MicrosoftEdgeAutoLaunch_E27E50BD5633453D54C19716A813DFE6', '"C:\\Program Files (x86)\\Microsoft\\Edge\\Application\\msedge.exe" --no-startup-window --win-session-start', None)
('ADDED', 'HKCU\\Software\\Microsoft\\Windows\\CurrentVersion\\Run', 'malware_test', None, 'C:\\Users\\Public\\malware.exe')
('ADDED', 'HKCU\\Software\\Microsoft\\Windows\\CurrentVersion\\Run', 'malware_test', None, 'C:\\Users\\Public\\malware.exe')
('DELETED', 'HKCU\\Software\\Microsoft\\Windows\\CurrentVersion\\Run', 'MicrosoftEdgeAutoLaunch_E27E50BD5633453D54C19716A813DFE6', '"C:\\Program Files (x86)\\Microsoft\\Edge\\Application\\msedge.exe" --no-startup-window --win-session-start', None)
('ADDED', 'HKCU\\Software\\Microsoft\\Windows\\CurrentVersion\\Run', 'malware_test', None, 'C:\\Users\\Public\\malware.exe')
('ADDED', 'HKCU\\Software\\Microsoft\\Windows\\CurrentVersion\\Run', 'malware_test', None, 'C:\\Users\\Public\\malware.exe')
('DELETED', 'HKCU\\Software\\Microsoft\\Windows\\CurrentVersion\\Run', 'MicrosoftEdgeAutoLaunch_E27E50BD5633453D54C19716A813DFE6', '"C:\\Program Files (x86)\\Microsoft\\Edge\\Application\\msedge.exe" --no-startup-window --win-session-start', None)
('ADDED', 'HKCU\\Software\\Microsoft\\Windows\\CurrentVersion\\Run', 'malware_test', None, 'C:\\Users\\Public\\malware.exe')
('ADDED', 'HKCU\\Software\\Microsoft\\Windows\\CurrentVersion\\Run', 'malware_test', None, 'C:\\Users\\Public\\malware.exe')
('ADDED', 'HKCU\\Software\\Microsoft\\Windows\\CurrentVersion\\Run', 'malware_test', None, 'C:\\Users\\Public\\malware.exe')
('DELETED', 'HKCU\\Software\\Microsoft\\Windows\\CurrentVersion\\Run', 'MicrosoftEdgeAutoLaunch_E27E50BD5633453D54C19716A813DFE6', '"C:\\Program Files (x86)\\Microsoft\\Edge\\Application\\msedge.exe" --no-startup-window --win-session-start', None)
('ADDED', 'HKCU\\Software\\Microsoft\\Windows\\CurrentVersion\\Run', 'malware_test', None, 'C:\\Users\\Public\\malware.exe')
('ADDED', 'HKCU\\Software\\Microsoft\\Windows\\CurrentVersion\\Run', 'malware_test', None, 'C:\\Users\\Public\\malware.exe')
('ADDED', 'HKCU\\Software\\Microsoft\\Windows\\CurrentVersion\\Run', 'test_r', None, '')
('ADDED', 'HKCU\\Software\\Microsoft\\Windows\\CurrentVersion\\Run', ' test_realtime_check', None, '')
('ADDED', 'HKCU\\Software\\Microsoft\\Windows\\CurrentVersion\\Run', ' test_realtime_check', None, '')
('ADDED', 'HKCU\\Software\\Microsoft\\Windows\\CurrentVersion\\Run', ' test_realtime_check', None, 'C:\\Users\\Public\\test.exe')
('ADDED', 'HKCU\\Software\\Microsoft\\Windows\\CurrentVersion\\Run', ' test_realtime_check', None, 'C:\\Users\\Public\\test.exe')
('ADDED', 'HKCU\\Software\\Microsoft\\Windows\\CurrentVersion\\Run', ' test_realtime_check', None, 'C:\\Users\\Public\\test.exe')
('ADDED', 'HKCU\\Software\\Microsoft\\Windows\\CurrentVersion\\Run', ' test_realtime_check', None, 'C:\\Users\\Public\\test.exe')
('ADDED', 'HKCU\\Software\\Microsoft\\Windows\\CurrentVersion\\Run', ' test_realtime_check', None, 'C:\\Users\\Public\\test.exe')
('ADDED', 'HKCU\\Software\\Microsoft\\Windows\\CurrentVersion\\Run', ' test_realtime_check', None, 'C:\\Users\\Public\\test.exe')
('ADDED', 'HKCU\\Software\\Microsoft\\Windows\\CurrentVersion\\Run', ' test_realtime_check', None, 'C:\\Users\\Public\\test.exe')
('ADDED', 'HKCU\\Software\\Microsoft\\Windows\\CurrentVersion\\Run', ' test_realtime_check', None, 'C:\\Users\\Public\\test.exe')
('ADDED', 'HKCU\\Software\\Microsoft\\Windows\\CurrentVersion\\Run', ' test_realtime_check', None, 'C:\\Users\\Public\\modified.exe')
('ADDED', 'HKCU\\Software\\Microsoft\\Windows\\CurrentVersion\\Run', ' test_realtime_check', None, 'C:\\Users\\Public\\modified.exe')
('ADDED', 'HKCU\\Software\\Microsoft\\Windows\\CurrentVersion\\Run', ' test_realtime_check', None, 'C:\\Users\\Public\\modified.exe')
('ADDED', 'HKCU\\Software\\Microsoft\\Windows\\CurrentVersion\\Run', ' test_realtime_check', None, 'C:\\Users\\Public\\modified.exe')
('ADDED', 'HKCU\\Software\\Microsoft\\Windows\\CurrentVersion\\Run', ' test_realtime_check', None, 'C:\\Users\\Public\\modified.exe')
('DELETED', 'HKCU\\Software\\Microsoft\\Windows\\CurrentVersion\\Run', 'malware_test', 'C:\\Users\\Public\\malware.exe', None)
('ADDED', 'HKCU\\Software\\Microsoft\\Windows\\CurrentVersion\\Run', 'New Value #1', None, '')
('DELETED', 'HKCU\\Software\\Microsoft\\Windows\\CurrentVersion\\Run', 'malware_test', 'C:\\Users\\Public\\malware.exe', None)
('ADDED', 'HKCU\\Software\\Microsoft\\Windows\\CurrentVersion\\Run', 'malware_test', None, '')
('MODIFIED', 'HKCU\\Software\\Microsoft\\Windows\\CurrentVersion\\Run', 'malware_test', 'C:\\Users\\Public\\malware.exe', '')
('ADDED', 'HKCU\\Software\\Microsoft\\Windows\\CurrentVersion\\Run', 'malware_test', None, '')
('MODIFIED', 'HKCU\\Software\\Microsoft\\Windows\\CurrentVersion\\Run', 'malware_test', 'C:\\Users\\Public\\malware.exe', '')
('ADDED', 'HKCU\\Software\\Microsoft\\Windows\\CurrentVersion\\Run', 'malware_test', None, '')
('MODIFIED', 'HKCU\\Software\\Microsoft\\Windows\\CurrentVersion\\Run', 'malware_test', 'C:\\Users\\Public\\malware.exe', '')
('ADDED', 'HKCU\\Software\\Microsoft\\Windows\\CurrentVersion\\Run', 'malware_test', None, '')
('MODIFIED', 'HKCU\\Software\\Microsoft\\Windows\\CurrentVersion\\Run', 'malware_test', '', 'C:\\Users\\Public\\malware.exe')
('MODIFIED', 'HKCU\\Software\\Microsoft\\Windows\\CurrentVersion\\Run', 'malware_test', '', 'C:\\Users\\Public\\malware.exe')
('MODIFIED', 'HKCU\\Software\\Microsoft\\Windows\\CurrentVersion\\Run', 'malware_test', '', 'C:\\Users\\Public\\malware.exe')
('MODIFIED', 'HKCU\\Software\\Microsoft\\Windows\\CurrentVersion\\Run', 'malware_test', '', 'C:\\Users\\Public\\malware.exe')
('MODIFIED', 'HKCU\\Software\\Microsoft\\Windows\\CurrentVersion\\Run', 'malware_test', '', 'C:\\Users\\Public\\malware.exe')
('MODIFIED', 'HKCU\\Software\\Microsoft\\Windows\\CurrentVersion\\Run', 'malware_test', '', 'C:\\Users\\Public\\malware.exe')
('MODIFIED', 'HKCU\\Software\\Microsoft\\Windows\\CurrentVersion\\Run', 'malware_test', '', 'C:\\Users\\Public\\malware.exe')
('MODIFIED', 'HKCU\\Software\\Microsoft\\Windows\\CurrentVersion\\Run', 'malware_test', '', 'C:\\Users\\Public\\malware.exe')
('MODIFIED', 'HKCU\\Software\\Microsoft\\Windows\\CurrentVersion\\Run', 'malware_test', '', 'C:\\Users\\Public\\malware.exe')
('MODIFIED', 'HKCU\\Software\\Microsoft\\Windows\\CurrentVersion\\Run', 'malware_test', '', 'C:\\Users\\Public\\malware.exe')
('MODIFIED', 'HKCU\\Software\\Microsoft\\Windows\\CurrentVersion\\Run', 'malware_test', '', 'C:\\Users\\Public\\malware.exe')
('MODIFIED', 'HKCU\\Software\\Microsoft\\Windows\\CurrentVersion\\Run', 'malware_test', '', 'C:\\Users\\Public\\malware.exe')
('MODIFIED', 'HKCU\\Software\\Microsoft\\Windows\\CurrentVersion\\Run', 'malware_test', '', 'C:\\Users\\Public\\malware.exe')
('MODIFIED', 'HKCU\\Software\\Microsoft\\Windows\\CurrentVersion\\Run', 'malware_test', '', 'C:\\Users\\Public\\malware.exe')
('MODIFIED', 'HKCU\\Software\\Microsoft\\Windows\\CurrentVersion\\Run', 'malware_test', '', 'C:\\Users\\Public\\malware.exe')
('MODIFIED', 'HKCU\\Software\\Microsoft\\Windows\\CurrentVersion\\Run', 'malware_test', '', 'C:\\Users\\Public\\malware.exe')
('MODIFIED', 'HKCU\\Software\\Microsoft\\Windows\\CurrentVersion\\Run', 'malware_test', '', 'C:\\Users\\Public\\malware.exe')
('MODIFIED', 'HKCU\\Software\\Microsoft\\Windows\\CurrentVersion\\Run', 'malware_test', '', 'C:\\Users\\Public\\malware.exe')
('MODIFIED', 'HKCU\\Software\\Microsoft\\Windows\\CurrentVersion\\Run', 'malware_test', '', 'C:\\Users\\Public\\malware.exe')
('MODIFIED', 'HKCU\\Software\\Microsoft\\Windows\\CurrentVersion\\Run', 'malware_test', '', 'C:\\Users\\Public\\malware.exe')
('MODIFIED', 'HKCU\\Software\\Microsoft\\Windows\\CurrentVersion\\Run', 'malware_test', '', 'C:\\Users\\Public\\malware.exe')
('MODIFIED', 'HKCU\\Software\\Microsoft\\Windows\\CurrentVersion\\Run', 'malware_test', '', 'C:\\Users\\Public\\malware.exe')
('MODIFIED', 'HKCU\\Software\\Microsoft\\Windows\\CurrentVersion\\Run', 'malware_test', '', 'C:\\Users\\Public\\malware.exe')
('MODIFIED', 'HKCU\\Software\\Microsoft\\Windows\\CurrentVersion\\Run', 'malware_test', '', 'C:\\Users\\Public\\malware.exe')
('MODIFIED', 'HKCU\\Software\\Microsoft\\Windows\\CurrentVersion\\Run', 'malware_test', '', 'C:\\Users\\Public\\malware.exe')
('MODIFIED', 'HKCU\\Software\\Microsoft\\Windows\\CurrentVersion\\Run', 'malware_test', '', 'C:\\Users\\Public\\malware.exe')
('MODIFIED', 'HKCU\\Software\\Microsoft\\Windows\\CurrentVersion\\Run', 'malware_test', '', 'C:\\Users\\Public\\malware.exe')
('MODIFIED', 'HKCU\\Software\\Microsoft\\Windows\\CurrentVersion\\Run', 'malware_test', '', 'C:\\Users\\Public\\malware.exe')
('MODIFIED', 'HKCU\\Software\\Microsoft\\Windows\\CurrentVersion\\Run', 'malware_test', '', 'C:\\Users\\Public\\malware.exe')
('MODIFIED', 'HKCU\\Software\\Microsoft\\Windows\\CurrentVersion\\Run', 'malware_test', '', 'C:\\Users\\Public\\malware.exe')
('MODIFIED', 'HKCU\\Software\\Microsoft\\Windows\\CurrentVersion\\Run', 'malware_test', '', 'C:\\Users\\Public\\malware.exe')
('MODIFIED', 'HKCU\\Software\\Microsoft\\Windows\\CurrentVersion\\Run', 'malware_test', '', 'C:\\Users\\Public\\malware.exe')
('MODIFIED', 'HKCU\\Software\\Microsoft\\Windows\\CurrentVersion\\Run', 'malware_test', '', 'C:\\Users\\Public\\malware.exe')
('MODIFIED', 'HKCU\\Software\\Microsoft\\Windows\\CurrentVersion\\Run', 'malware_test', '', 'C:\\Users\\Public\\malware.exe')
('MODIFIED', 'HKCU\\Software\\Microsoft\\Windows\\CurrentVersion\\Run', 'malware_test', '', 'C:\\Users\\Public\\malware.exe')
('MODIFIED', 'HKCU\\Software\\Microsoft\\Windows\\CurrentVersion\\Run', 'malware_test', '', 'C:\\Users\\Public\\malware.exe')
('MODIFIED', 'HKCU\\Software\\Microsoft\\Windows\\CurrentVersion\\Run', 'malware_test', '', 'C:\\Users\\Public\\malware.exe')
('MODIFIED', 'HKCU\\Software\\Microsoft\\Windows\\CurrentVersion\\Run', 'malware_test', '', 'C:\\Users\\Public\\malware.exe')
('MODIFIED', 'HKCU\\Software\\Microsoft\\Windows\\CurrentVersion\\Run', 'malware_test', '', 'C:\\Users\\Public\\malware.exe')
('MODIFIED', 'HKCU\\Software\\Microsoft\\Windows\\CurrentVersion\\Run', 'malware_test', '', 'C:\\Users\\Public\\malware.exe')
('MODIFIED', 'HKCU\\Software\\Microsoft\\Windows\\CurrentVersion\\Run', 'malware_test', '', 'C:\\Users\\Public\\malware.exe')
('MODIFIED', 'HKCU\\Software\\Microsoft\\Windows\\CurrentVersion\\Run', 'malware_test', '', 'C:\\Users\\Public\\malware.exe')
('MODIFIED', 'HKCU\\Software\\Microsoft\\Windows\\CurrentVersion\\Run', 'malware_test', '', 'C:\\Users\\Public\\malware.exe')
('MODIFIED', 'HKCU\\Software\\Microsoft\\Windows\\CurrentVersion\\Run', 'malware_test', '', 'C:\\Users\\Public\\malware.exe')
('MODIFIED', 'HKCU\\Software\\Microsoft\\Windows\\CurrentVersion\\Run', 'malware_test', '', 'C:\\Users\\Public\\malware.exe')
('MODIFIED', 'HKCU\\Software\\Microsoft\\Windows\\CurrentVersion\\Run', 'malware_test', '', 'C:\\Users\\Public\\malware.exe')
('MODIFIED', 'HKCU\\Software\\Microsoft\\Windows\\CurrentVersion\\Run', 'malware_test', '', 'C:\\Users\\Public\\malware.exe')
('MODIFIED', 'HKCU\\Software\\Microsoft\\Windows\\CurrentVersion\\Run', 'malware_test', '', 'C:\\Users\\Public\\malware.exe')
('MODIFIED', 'HKCU\\Software\\Microsoft\\Windows\\CurrentVersion\\Run', 'malware_test', '', 'C:\\Users\\Public\\malware.exe')
('MODIFIED', 'HKCU\\Software\\Microsoft\\Windows\\CurrentVersion\\Run', 'malware_test', '', 'C:\\Users\\Public\\malware.exe')
('MODIFIED', 'HKCU\\Software\\Microsoft\\Windows\\CurrentVersion\\Run', 'malware_test', '', 'C:\\Users\\Public\\malware.exe')
('MODIFIED', 'HKCU\\Software\\Microsoft\\Windows\\CurrentVersion\\Run', 'malware_test', '', 'C:\\Users\\Public\\malware.exe')
('MODIFIED', 'HKCU\\Software\\Microsoft\\Windows\\CurrentVersion\\Run', 'malware_test', '', 'C:\\Users\\Public\\malware.exe')
('MODIFIED', 'HKCU\\Software\\Microsoft\\Windows\\CurrentVersion\\Run', 'malware_test', '', 'C:\\Users\\Public\\malware.exe')
('MODIFIED', 'HKCU\\Software\\Microsoft\\Windows\\CurrentVersion\\Run', 'malware_test', '', 'C:\\Users\\Public\\malware.exe')
('MODIFIED', 'HKCU\\Software\\Microsoft\\Windows\\CurrentVersion\\Run', 'malware_test', '', 'C:\\Users\\Public\\malware.exe')
('MODIFIED', 'HKCU\\Software\\Microsoft\\Windows\\CurrentVersion\\Run', 'malware_test', '', 'C:\\Users\\Public\\malware.exe')
('MODIFIED', 'HKCU\\Software\\Microsoft\\Windows\\CurrentVersion\\Run', 'malware_test', '', 'C:\\Users\\Public\\malware.exe')
('MODIFIED', 'HKCU\\Software\\Microsoft\\Windows\\CurrentVersion\\Run', 'malware_test', '', 'C:\\Users\\Public\\malware.exe')
('MODIFIED', 'HKCU\\Software\\Microsoft\\Windows\\CurrentVersion\\Run', 'malware_test', '', 'C:\\Users\\Public\\malware.exe')
('MODIFIED', 'HKCU\\Software\\Microsoft\\Windows\\CurrentVersion\\Run', 'malware_test', '', 'C:\\Users\\Public\\malware.exe')
('MODIFIED', 'HKCU\\Software\\Microsoft\\Windows\\CurrentVersion\\Run', 'malware_test', '', 'C:\\Users\\Public\\malware.exe')
('MODIFIED', 'HKCU\\Software\\Microsoft\\Windows\\CurrentVersion\\Run', 'malware_test', '', 'C:\\Users\\Public\\malware.exe')
('MODIFIED', 'HKCU\\Software\\Microsoft\\Windows\\CurrentVersion\\Run', 'malware_test', '', 'C:\\Users\\Public\\malware.exe')
('MODIFIED', 'HKCU\\Software\\Microsoft\\Windows\\CurrentVersion\\Run', 'malware_test', '', 'C:\\Users\\Public\\malware.exe')
('MODIFIED', 'HKCU\\Software\\Microsoft\\Windows\\CurrentVersion\\Run', 'malware_test', '', 'C:\\Users\\Public\\malware.exe')
('MODIFIED', 'HKCU\\Software\\Microsoft\\Windows\\CurrentVersion\\Run', 'malware_test', '', 'C:\\Users\\Public\\malware.exe')
('MODIFIED', 'HKCU\\Software\\Microsoft\\Windows\\CurrentVersion\\Run', 'malware_test', '', 'C:\\Users\\Public\\malware.exe')
('MODIFIED', 'HKCU\\Software\\Microsoft\\Windows\\CurrentVersion\\Run', 'malware_test', '', 'C:\\Users\\Public\\malware.exe')
('MODIFIED', 'HKCU\\Software\\Microsoft\\Windows\\CurrentVersion\\Run', 'malware_test', '', 'C:\\Users\\Public\\malware.exe')
('MODIFIED', 'HKCU\\Software\\Microsoft\\Windows\\CurrentVersion\\Run', 'malware_test', '', 'C:\\Users\\Public\\malware.exe')
('MODIFIED', 'HKCU\\Software\\Microsoft\\Windows\\CurrentVersion\\Run', 'malware_test', '', 'C:\\Users\\Public\\malware.exe')
('MODIFIED', 'HKCU\\Software\\Microsoft\\Windows\\CurrentVersion\\Run', 'malware_test', '', 'C:\\Users\\Public\\malware.exe')
('MODIFIED', 'HKCU\\Software\\Microsoft\\Windows\\CurrentVersion\\Run', 'malware_test', '', 'C:\\Users\\Public\\malware.exe')
[2026-08-28 00:16:19] [CRITICAL] ADDED on 'HKCU\Software\Microsoft\Windows\CurrentVersion\Run' (Val: 'SecUpdateMockTest') by powershell.exe (PID: 28168)
[2026-08-28 00:16:20] [CRITICAL] ADDED on 'HKCU\Software\Microsoft\Windows\CurrentVersion\Run' (Val: 'SecUpdateMockTest') by powershell.exe (PID: 18628)
[2026-08-28 00:16:21] [HIGH] ADDED on 'HKCU\Software\Microsoft\Windows\CurrentVersion\RunOnce' (Val: 'LOLBinSimTest') by powershell.exe (PID: 29420)
[2026-08-28 00:16:22] [HIGH] ADDED on 'HKCU\Software\Microsoft\Windows\CurrentVersion\RunOnce' (Val: 'LOLBinSimTest') by powershell.exe (PID: 17316)
[2026-08-28 00:16:24] [CRITICAL] ADDED on 'HKCU\Software\Microsoft\Windows\CurrentVersion\Explorer\Advanced\SystemPersistenceCheck' (Val: 'IntegrityToken') by powershell.exe (PID: 6684)
[2026-09-02 14:28:23] [CRITICAL] ADDED on 'HKCU\Software\Microsoft\Windows\CurrentVersion\Run' (Val: 'SecUpdateMockTest') by powershell.exe (PID: 14128)
[2026-09-02 14:28:23] [CRITICAL] ADDED on 'HKCU\Software\Microsoft\Windows\CurrentVersion\Run' (Val: 'SecUpdateMockTest') by powershell.exe (PID: 19072)
[2026-09-02 14:28:24] [HIGH] ADDED on 'HKCU\Software\Microsoft\Windows\CurrentVersion\RunOnce' (Val: 'LOLBinSimTest') by powershell.exe (PID: 5228)
[2026-09-02 14:28:25] [HIGH] ADDED on 'HKCU\Software\Microsoft\Windows\CurrentVersion\RunOnce' (Val: 'LOLBinSimTest') by powershell.exe (PID: 12640)
